<h1>Metroid Prime 4</h1>

<p>Metroid Prime 4 releases in 2025.</p>

Tags: <ul><li>metroid</li><li>nintendo</li></ul>
