
<!DOCTYPE html>
<html lang="en">
<head>
    <title>Baba is blog</title>
    <meta charset="UTF-8"/>
    <meta name="description" content="Baba is you" lang="en"/>
</head>
<body>
<nav role="navigation">
    <div>
        <h1>Baba's blog</h1>
        <ul>
            <li><a href="/">home</a></li>
            <li><a href="about">about</a></li>
            <li><a href="archive">archive</a></li>
        </ul>
    </div>
</nav>
<main>

<ol>

<li><a href="/post/hello-world">Hello World</a>
</li>

<li><a href="/post/hello-world-2">Hello World 2</a>
</li>

</ol>

</main>
<footer>
    <ul>
        <li><a href="https://babaisyou.com/">babaisyou</a></li>
    </ul>
</footer>
</body>
</html>

